[    0.000000] Linux version 4.15.0-177-generic (buildd@ubuntu) (gcc version 7.5.0 (Ubuntu 7.5.0-3ubuntu1~18.04)) #186-Ubuntu SMP Thu Apr 14 20:23:07 UTC 2022 (Ubuntu 4.15.0-177.186-generic 4.15.18)
[    0.000000] Command line: BOOT_IMAGE=/boot/vmlinuz-4.15.0-177-generic root=LABEL=cloudimg-rootfs ro console=tty1 console=ttyS0
[    0.000000] KERNEL supported cpus:
[    0.000000]   Intel GenuineIntel
[    0.000000]   AMD AuthenticAMD
[    0.000000]   Centaur CentaurHauls
[    0.000000] x86/fpu: Supporting XSAVE feature 0x001: 'x87 floating point registers'
[    0.000000] x86/fpu: Supporting XSAVE feature 0x002: 'SSE registers'
[    0.000000] x86/fpu: Supporting XSAVE feature 0x004: 'AVX registers'
[    0.000000] x86/fpu: xstate_offset[2]:  576, xstate_sizes[2]:  256
[    0.000000] x86/fpu: Enabled xstate features 0x7, context size is 832 bytes, using 'standard' format.
[    0.000000] e820: BIOS-provided physical RAM map:
[    0.000000] BIOS-e820: [mem 0x0000000000000000-0x000000000009fbff] usable
[    0.000000] BIOS-e820: [mem 0x000000000009fc00-0x000000000009ffff] reserved
[    0.000000] BIOS-e820: [mem 0x00000000000f0000-0x00000000000fffff] reserved
[    0.000000] BIOS-e820: [mem 0x0000000000100000-0x000000003ffeffff] usable
[    0.000000] BIOS-e820: [mem 0x000000003fff0000-0x000000003fffffff] ACPI data
[    0.000000] BIOS-e820: [mem 0x00000000fec00000-0x00000000fec00fff] reserved
[    0.000000] BIOS-e820: [mem 0x00000000fee00000-0x00000000fee00fff] reserved
[    0.000000] BIOS-e820: [mem 0x00000000fffc0000-0x00000000ffffffff] reserved
[    0.000000] NX (Execute Disable) protection: active
[    0.000000] SMBIOS 2.5 present.
[    0.000000] DMI: innotek GmbH VirtualBox/VirtualBox, BIOS VirtualBox 12/01/2006
[    0.000000] Hypervisor detected: KVM
[    0.000000] e820: last_pfn = 0x3fff0 max_arch_pfn = 0x400000000
[    0.000000] MTRR: Disabled
[    0.000000] x86/PAT: MTRRs disabled, skipping PAT initialization too.
[    0.000000] CPU MTRRs all blank - virtualized system.
[    0.000000] x86/PAT: Configuration [0-7]: WB  WT  UC- UC  WB  WT  UC- UC  
[    0.000000] found SMP MP-table at [mem 0x0009fff0-0x0009ffff]
[    0.000000] Scanning 1 areas for low memory corruption
[    0.000000] RAMDISK: [mem 0x359cb000-0x36cdcfff]
[    0.000000] ACPI: Early table checksum verification disabled
[    0.000000] ACPI: RSDP 0x00000000000E0000 000024 (v02 VBOX  )
[    0.000000] ACPI: XSDT 0x000000003FFF0030 00003C (v01 VBOX   VBOXXSDT 00000001 ASL  00000061)
[    0.000000] ACPI: FACP 0x000000003FFF00F0 0000F4 (v04 VBOX   VBOXFACP 00000001 ASL  00000061)
[    0.000000] ACPI: DSDT 0x000000003FFF0470 002325 (v02 VBOX   VBOXBIOS 00000002 INTL 20120111)
[    0.000000] ACPI: FACS 0x000000003FFF0200 000040
[    0.000000] ACPI: FACS 0x000000003FFF0200 000040
[    0.000000] ACPI: APIC 0x000000003FFF0240 00005C (v02 VBOX   VBOXAPIC 00000001 ASL  00000061)
[    0.000000] ACPI: SSDT 0x000000003FFF02A0 0001CC (v01 VBOX   VBOXCPUT 00000002 INTL 20120111)
[    0.000000] ACPI: Reserving FACP table memory at [mem 0x3fff00f0-0x3fff01e3]
[    0.000000] ACPI: Reserving DSDT table memory at [mem 0x3fff0470-0x3fff2794]
[    0.000000] ACPI: Reserving FACS table memory at [mem 0x3fff0200-0x3fff023f]
[    0.000000] ACPI: Reserving FACS table memory at [mem 0x3fff0200-0x3fff023f]
[    0.000000] ACPI: Reserving APIC table memory at [mem 0x3fff0240-0x3fff029b]
[    0.000000] ACPI: Reserving SSDT table memory at [mem 0x3fff02a0-0x3fff046b]
[    0.000000] No NUMA configuration found
[    0.000000] Faking a node at [mem 0x0000000000000000-0x000000003ffeffff]
[    0.000000] NODE_DATA(0) allocated [mem 0x3ffc5000-0x3ffeffff]
[    0.000000] kvm-clock: cpu 0, msr 0:3ff44001, primary cpu clock
[    0.000000] kvm-clock: Using msrs 4b564d01 and 4b564d00
[    0.000000] kvm-clock: using sched offset of 3993166222 cycles
[    0.000000] clocksource: kvm-clock: mask: 0xffffffffffffffff max_cycles: 0x1cd42e4dffb, max_idle_ns: 881590591483 ns
[    0.000000] Zone ranges:
[    0.000000]   DMA      [mem 0x0000000000001000-0x0000000000ffffff]
[    0.000000]   DMA32    [mem 0x0000000001000000-0x000000003ffeffff]
[    0.000000]   Normal   empty
[    0.000000]   Device   empty
[    0.000000] Movable zone start for each node
[    0.000000] Early memory node ranges
[    0.000000]   node   0: [mem 0x0000000000001000-0x000000000009efff]
[    0.000000]   node   0: [mem 0x0000000000100000-0x000000003ffeffff]
[    0.000000] Reserved but unavailable: 104 pages
[    0.000000] Initmem setup node 0 [mem 0x0000000000001000-0x000000003ffeffff]
[    0.000000] ACPI: PM-Timer IO Port: 0x4008
[    0.000000] IOAPIC[0]: apic_id 2, version 32, address 0xfec00000, GSI 0-23
[    0.000000] ACPI: INT_SRC_OVR (bus 0 bus_irq 0 global_irq 2 dfl dfl)
[    0.000000] ACPI: INT_SRC_OVR (bus 0 bus_irq 9 global_irq 9 low level)
[    0.000000] Using ACPI (MADT) for SMP configuration information
[    0.000000] smpboot: Allowing 2 CPUs, 0 hotplug CPUs
[    0.000000] PM: Registered nosave memory: [mem 0x00000000-0x00000fff]
[    0.000000] PM: Registered nosave memory: [mem 0x0009f000-0x0009ffff]
[    0.000000] PM: Registered nosave memory: [mem 0x000a0000-0x000effff]
[    0.000000] PM: Registered nosave memory: [mem 0x000f0000-0x000fffff]
[    0.000000] e820: [mem 0x40000000-0xfebfffff] available for PCI devices
[    0.000000] Booting paravirtualized kernel on KVM
[    0.000000] clocksource: refined-jiffies: mask: 0xffffffff max_cycles: 0xffffffff, max_idle_ns: 7645519600211568 ns
[    0.000000] random: get_random_bytes called from start_kernel+0x99/0x500 with crng_init=0
[    0.000000] setup_percpu: NR_CPUS:8192 nr_cpumask_bits:2 nr_cpu_ids:2 nr_node_ids:1
[    0.000000] percpu: Embedded 50 pages/cpu s167936 r8192 d28672 u1048576
[    0.000000] PV qspinlock hash table entries: 256 (order: 0, 4096 bytes)
[    0.000000] Built 1 zonelists, mobility grouping on.  Total pages: 257913
[    0.000000] Policy zone: DMA32
[    0.000000] Kernel command line: BOOT_IMAGE=/boot/vmlinuz-4.15.0-177-generic root=LABEL=cloudimg-rootfs ro console=tty1 console=ttyS0
[    0.000000] Memory: 982648K/1048120K available (12300K kernel code, 2484K rwdata, 4324K rodata, 2468K init, 2724K bss, 65472K reserved, 0K cma-reserved)
[    0.000000] SLUB: HWalign=64, Order=0-3, MinObjects=0, CPUs=2, Nodes=1
[    0.000000] Kernel/User page tables isolation: enabled
[    0.000000] ftrace: allocating 39506 entries in 155 pages
[    0.004000] Hierarchical RCU implementation.
[    0.004000] 	RCU restricting CPUs from NR_CPUS=8192 to nr_cpu_ids=2.
[    0.004000] 	Tasks RCU enabled.
[    0.004000] RCU: Adjusting geometry for rcu_fanout_leaf=16, nr_cpu_ids=2
[    0.004000] NR_IRQS: 524544, nr_irqs: 440, preallocated irqs: 16
[    0.004000] Console: colour VGA+ 80x25
[    0.004000] console [tty1] enabled
[    0.004000] console [ttyS0] enabled
[    0.004000] ACPI: Core revision 20170831
[    0.004000] ACPI: 2 ACPI AML tables successfully acquired and loaded
[    0.004000] APIC: Switch to symmetric I/O mode setup
[    0.004000] x2apic enabled
[    0.004000] Switched APIC routing to physical x2apic.
[    0.005054] ..TIMER: vector=0x30 apic1=0 pin1=2 apic2=-1 pin2=-1
[    0.008003] tsc: Detected 2194.918 MHz processor
[    0.012013] Calibrating delay loop (skipped) preset value.. 4389.83 BogoMIPS (lpj=8779672)
[    0.014401] pid_max: default: 32768 minimum: 301
[    0.016038] Security Framework initialized
[    0.016967] Yama: becoming mindful.
[    0.017988] AppArmor: AppArmor initialized
[    0.019382] Dentry cache hash table entries: 131072 (order: 8, 1048576 bytes)
[    0.020067] Inode-cache hash table entries: 65536 (order: 7, 524288 bytes)
[    0.022224] Mount-cache hash table entries: 2048 (order: 2, 16384 bytes)
[    0.024010] Mountpoint-cache hash table entries: 2048 (order: 2, 16384 bytes)
[    0.026295] Last level iTLB entries: 4KB 1024, 2MB 1024, 4MB 1024
[    0.028004] Last level dTLB entries: 4KB 1024, 2MB 1024, 4MB 1024, 1GB 4
[    0.030077] Spectre V1 : Mitigation: usercopy/swapgs barriers and __user pointer sanitization
[    0.032006] Spectre V2 : Mitigation: Retpolines
[    0.033167] Spectre V2 : Spectre v2 / SpectreRSB mitigation: Filling RSB on context switch
[    0.036003] Speculative Store Bypass: Vulnerable
[    0.037239] SRBDS: Unknown: Dependent on hypervisor status
[    0.039014] MDS: Mitigation: Clear CPU buffers
[    0.040154] Freeing SMP alternatives memory: 36K
[    0.152828] smpboot: CPU0: Intel(R) Core(TM) i7-4770HQ CPU @ 2.20GHz (family: 0x6, model: 0x46, stepping: 0x1)
[    0.155464] Performance Events: unsupported p6 CPU model 70 no PMU driver, software events only.
[    0.156037] Hierarchical SRCU implementation.
[    0.157987] NMI watchdog: Perf event create on CPU 0 failed with -2
[    0.160003] NMI watchdog: Perf NMI watchdog permanently disabled
[    0.161674] smp: Bringing up secondary CPUs ...
[    0.164086] x86: Booting SMP configuration:
[    0.165112] .... node  #0, CPUs:      #1
[    0.004000] kvm-clock: cpu 1, msr 0:3ff44041, secondary cpu clock
[    0.170762] smp: Brought up 1 node, 2 CPUs
[    0.170762] smpboot: Max logical packages: 1
[    0.172007] smpboot: Total of 2 processors activated (8779.67 BogoMIPS)
[    0.173610] devtmpfs: initialized
[    0.173610] x86/mm: Memory block size: 128MB
[    0.176126] evm: security.selinux
[    0.177011] evm: security.SMACK64
[    0.178014] evm: security.SMACK64EXEC
[    0.180005] evm: security.SMACK64TRANSMUTE
[    0.181195] evm: security.SMACK64MMAP
[    0.182192] evm: security.apparmor
[    0.184004] evm: security.ima
[    0.184804] evm: security.capability
[    0.186421] clocksource: jiffies: mask: 0xffffffff max_cycles: 0xffffffff, max_idle_ns: 7645041785100000 ns
[    0.188012] futex hash table entries: 512 (order: 3, 32768 bytes)
[    0.189410] pinctrl core: initialized pinctrl subsystem
[    0.193406] RTC time: 16:21:50, date: 05/30/22
[    0.194712] NET: Registered protocol family 16
[    0.196079] audit: initializing netlink subsys (disabled)
[    0.197549] audit: type=2000 audit(1653927716.049:1): state=initialized audit_enabled=0 res=1
[    0.200028] cpuidle: using governor ladder
[    0.201141] cpuidle: using governor menu
[    0.202358] ACPI: bus type PCI registered
[    0.203734] acpiphp: ACPI Hot Plug PCI Controller Driver version: 0.5
[    0.204146] PCI: Using configuration type 1 for base access
[    0.209019] HugeTLB registered 2.00 MiB page size, pre-allocated 0 pages
[    0.212072] ACPI: Added _OSI(Module Device)
[    0.213161] ACPI: Added _OSI(Processor Device)
[    0.214278] ACPI: Added _OSI(3.0 _SCP Extensions)
[    0.215432] ACPI: Added _OSI(Processor Aggregator Device)
[    0.216005] ACPI: Added _OSI(Linux-Dell-Video)
[    0.217236] ACPI: Added _OSI(Linux-Lenovo-NV-HDMI-Audio)
[    0.220013] ACPI: Added _OSI(Linux-HPI-Hybrid-Graphics)
[    0.221701] ACPI: Executed 1 blocks of module-level executable AML code
[    0.226671] ACPI: Interpreter enabled
[    0.227755] ACPI: (supports S0 S5)
[    0.228003] ACPI: Using IOAPIC for interrupt routing
[    0.229549] PCI: Using host bridge windows from ACPI; if necessary, use "pci=nocrs" and report a bug
[    0.232246] ACPI: Enabled 2 GPEs in block 00 to 07
[    0.243237] ACPI: PCI Root Bridge [PCI0] (domain 0000 [bus 00-ff])
[    0.244009] acpi PNP0A03:00: _OSC: OS supports [ASPM ClockPM Segments MSI]
[    0.245985] acpi PNP0A03:00: _OSC: not requesting OS control; OS requires [ExtendedConfig ASPM ClockPM MSI]
[    0.248014] acpi PNP0A03:00: fail to add MMCONFIG information, can't access extended PCI configuration space under this bridge.
[    0.252599] PCI host bridge to bus 0000:00
[    0.253830] pci_bus 0000:00: root bus resource [io  0x0000-0x0cf7 window]
[    0.256004] pci_bus 0000:00: root bus resource [io  0x0d00-0xffff window]
[    0.257736] pci_bus 0000:00: root bus resource [mem 0x000a0000-0x000bffff window]
[    0.260005] pci_bus 0000:00: root bus resource [mem 0x40000000-0xfdffffff window]
[    0.261619] pci_bus 0000:00: root bus resource [bus 00-ff]
[    0.266512] pci 0000:00:01.1: legacy IDE quirk: reg 0x10: [io  0x01f0-0x01f7]
[    0.268016] pci 0000:00:01.1: legacy IDE quirk: reg 0x14: [io  0x03f6]
[    0.269957] pci 0000:00:01.1: legacy IDE quirk: reg 0x18: [io  0x0170-0x0177]
[    0.272006] pci 0000:00:01.1: legacy IDE quirk: reg 0x1c: [io  0x0376]
[    0.292328] pci 0000:00:07.0: quirk: [io  0x4000-0x403f] claimed by PIIX4 ACPI
[    0.294243] pci 0000:00:07.0: quirk: [io  0x4100-0x410f] claimed by PIIX4 SMB
[    0.310121] ACPI: PCI Interrupt Link [LNKA] (IRQs 5 9 10 *11)
[    0.312277] ACPI: PCI Interrupt Link [LNKB] (IRQs 5 9 *10 11)
[    0.314658] ACPI: PCI Interrupt Link [LNKC] (IRQs 5 *9 10 11)
[    0.316195] ACPI: PCI Interrupt Link [LNKD] (IRQs 5 9 10 *11)
[    0.318734] SCSI subsystem initialized
[    0.320073] pci 0000:00:02.0: vgaarb: setting as boot VGA device
[    0.321661] pci 0000:00:02.0: vgaarb: VGA device added: decodes=io+mem,owns=io+mem,locks=none
[    0.324007] pci 0000:00:02.0: vgaarb: bridge control possible
[    0.325972] vgaarb: loaded
[    0.326952] ACPI: bus type USB registered
[    0.328027] usbcore: registered new interface driver usbfs
[    0.329887] usbcore: registered new interface driver hub
[    0.332023] usbcore: registered new device driver usb
[    0.334178] EDAC MC: Ver: 3.0.0
[    0.336374] PCI: Using ACPI for IRQ routing
[    0.340513] NetLabel: Initializing
[    0.341518] NetLabel:  domain hash size = 128
[    0.342692] NetLabel:  protocols = UNLABELED CIPSOv4 CALIPSO
[    0.344019] NetLabel:  unlabeled traffic allowed by default
[    0.345818] clocksource: Switched to clocksource kvm-clock
[    0.359759] VFS: Disk quotas dquot_6.6.0
[    0.361294] VFS: Dquot-cache hash table entries: 512 (order 0, 4096 bytes)
[    0.363420] AppArmor: AppArmor Filesystem Enabled
[    0.364616] pnp: PnP ACPI init
[    0.367104] pnp: PnP ACPI: found 3 devices
[    0.376573] clocksource: acpi_pm: mask: 0xffffff max_cycles: 0xffffff, max_idle_ns: 2085701024 ns
[    0.379354] NET: Registered protocol family 2
[    0.380489] IP idents hash table entries: 16384 (order: 5, 131072 bytes)
[    0.383803] TCP established hash table entries: 8192 (order: 4, 65536 bytes)
[    0.386119] TCP bind hash table entries: 8192 (order: 5, 131072 bytes)
[    0.388144] TCP: Hash tables configured (established 8192 bind 8192)
[    0.389983] UDP hash table entries: 512 (order: 2, 16384 bytes)
[    0.391443] UDP-Lite hash table entries: 512 (order: 2, 16384 bytes)
[    0.393105] NET: Registered protocol family 1
[    0.394179] pci 0000:00:00.0: Limiting direct PCI/PCI transfers
[    0.395992] pci 0000:00:01.0: Activating ISA DMA hang workarounds
[    0.397663] pci 0000:00:02.0: Video device with shadowed ROM at [mem 0x000c0000-0x000dffff]
[    0.400345] Unpacking initramfs...
[    0.690300] Freeing initrd memory: 19528K
[    0.691645] clocksource: tsc: mask: 0xffffffffffffffff max_cycles: 0x1fa37202099, max_idle_ns: 440795206796 ns
[    0.694684] platform rtc_cmos: registered platform RTC device (no PNP device found)
[    0.697318] Scanning for low memory corruption every 60 seconds
[    0.699574] Initialise system trusted keyrings
[    0.701205] Key type blacklist registered
[    0.702252] workingset: timestamp_bits=36 max_order=18 bucket_order=0
[    0.704570] zbud: loaded
[    0.706009] squashfs: version 4.0 (2009/01/31) Phillip Lougher
[    0.707695] fuse init (API version 7.26)
[    0.712226] Key type asymmetric registered
[    0.713382] Asymmetric key parser 'x509' registered
[    0.714654] Block layer SCSI generic (bsg) driver version 0.4 loaded (major 246)
[    0.716625] io scheduler noop registered
[    0.717603] io scheduler deadline registered
[    0.718787] io scheduler cfq registered (default)
[    0.721065] ACPI: AC Adapter [AC] (on-line)
[    0.722497] input: Power Button as /devices/LNXSYSTM:00/LNXPWRBN:00/input/input0
[    0.724901] ACPI: Power Button [PWRF]
[    0.726316] input: Sleep Button as /devices/LNXSYSTM:00/LNXSLPBN:00/input/input1
[    0.728510] ACPI: Sleep Button [SLPF]
[    0.731248] ACPI: Battery Slot [BAT0] (battery present)
[    0.732856] Serial: 8250/16550 driver, 32 ports, IRQ sharing enabled
[    0.755588] 00:02: ttyS0 at I/O 0x3f8 (irq = 4, base_baud = 115200) is a 16550A
[    0.760835] Linux agpgart interface v0.103
[    0.763228] loop: module loaded
[    0.764520] scsi host0: ata_piix
[    0.765369] scsi host1: ata_piix
[    0.766151] ata1: PATA max UDMA/33 cmd 0x1f0 ctl 0x3f6 bmdma 0xd000 irq 14
[    0.767898] ata2: PATA max UDMA/33 cmd 0x170 ctl 0x376 bmdma 0xd008 irq 15
[    0.770011] tun: Universal TUN/TAP device driver, 1.6
[    0.771364] PPP generic driver version 2.4.2
[    0.772513] ehci_hcd: USB 2.0 'Enhanced' Host Controller (EHCI) Driver
[    0.774024] ehci-pci: EHCI PCI platform driver
[    0.775162] ehci-platform: EHCI generic platform driver
[    0.776474] ohci_hcd: USB 1.1 'Open' Host Controller (OHCI) Driver
[    0.778192] ohci-pci: OHCI PCI platform driver
[    0.779542] ohci-platform: OHCI generic platform driver
[    0.781034] uhci_hcd: USB Universal Host Controller Interface driver
[    0.782952] i8042: PNP: PS/2 Controller [PNP0303:PS2K,PNP0f03:PS2M] at 0x60,0x64 irq 1,12
[    0.786001] serio: i8042 KBD port at 0x60,0x64 irq 1
[    0.787787] serio: i8042 AUX port at 0x60,0x64 irq 12
[    0.789567] mousedev: PS/2 mouse device common for all mice
[    0.791846] rtc_cmos rtc_cmos: rtc core: registered rtc_cmos as rtc0
[    0.793541] rtc_cmos rtc_cmos: alarms up to one day, 114 bytes nvram
[    0.795079] input: AT Translated Set 2 keyboard as /devices/platform/i8042/serio0/input/input2
[    0.796088] i2c /dev entries driver
[    0.798993] device-mapper: uevent: version 1.0.3
[    0.800363] device-mapper: ioctl: 4.37.0-ioctl (2017-09-20) initialised: dm-devel@redhat.com
[    0.802881] ledtrig-cpu: registered to indicate activity on CPUs
[    0.804969] NET: Registered protocol family 10
[    0.809524] Segment Routing with IPv6
[    0.810646] NET: Registered protocol family 17
[    0.812592] Key type dns_resolver registered
[    0.814089] mce: Using 0 MCE banks
[    0.815012] RAS: Correctable Errors collector initialized.
[    0.816815] sched_clock: Marking stable (816752216, 0)->(1024360544, -207608328)
[    0.819281] registered taskstats version 1
[    0.820454] Loading compiled-in X.509 certificates
[    0.823950] Loaded X.509 cert 'Build time autogenerated kernel key: bf7408fbf6fb1533149f8498a029058066c47156'
[    0.827496] Loaded X.509 cert 'Canonical Ltd. Live Patch Signing: 14df34d1a87cf37625abec039ef2bf521249b969'
[    0.830617] Loaded X.509 cert 'Canonical Ltd. Kernel Module Signing: 88f752e560a1e0737e31163a466ad7b70a850c19'
[    0.833892] blacklist: Loading compiled-in revocation X.509 certificates
[    0.835987] Loaded X.509 cert 'Canonical Ltd. Secure Boot Signing: 61482aa2830d0ab2ad5af10b7250da9033ddcef0'
[    0.838653] zswap: loaded using pool lzo/zbud
[    0.843145] Key type big_key registered
[    0.844329] Key type trusted registered
[    0.848079] Key type encrypted registered
[    0.849141] AppArmor: AppArmor sha1 policy hashing enabled
[    0.850791] ima: No TPM chip found, activating TPM-bypass! (rc=-19)
[    0.852453] ima: Allocated hash algorithm: sha1
[    0.853497] evm: HMAC attrs: 0x1
[    0.854599]   Magic number: 6:768:389
[    0.855605] rtc_cmos rtc_cmos: setting system clock to 2022-05-30 16:21:51 UTC (1653927711)
[    0.857933] BIOS EDD facility v0.16 2004-Jun-25, 0 devices found
[    0.859411] EDD information not available.
[    0.981135] Freeing unused kernel image memory: 2468K
[    0.996347] Write protecting the kernel read-only data: 20480k
[    1.009082] Freeing unused kernel image memory: 2008K
[    1.011157] Freeing unused kernel image memory: 1820K
[    1.022540] x86/mm: Checked W+X mappings: passed, no W+X pages found.
[    1.028096] x86/mm: Checking user space page tables
[    1.038417] x86/mm: Checked W+X mappings: passed, no W+X pages found.
Loading, please wait...
starting version 237
[    1.107901] e1000: Intel(R) PRO/1000 Network Driver - version 7.3.21-k8-NAPI
[    1.110063] e1000: Copyright (c) 1999-2006 Intel Corporation.
[    1.114613] Fusion MPT base driver 3.04.20
[    1.115915] Copyright (c) 1999-2008 LSI Corporation
[    1.130751] AVX2 version of gcm_enc/dec engaged.
[    1.132462] AES CTR mode by8 optimization enabled
[    1.154025] Fusion MPT SPI Host driver 3.04.20
[    1.333656] input: ImExPS/2 Generic Explorer Mouse as /devices/platform/i8042/serio1/input/input4
[    1.565974] e1000 0000:00:03.0 eth0: (PCI:33MHz:32-bit) 02:50:97:ae:47:44
[    1.567837] e1000 0000:00:03.0 eth0: Intel(R) PRO/1000 Network Connection
[    1.570657] mptbase: ioc0: Initiating bringup
[    1.664641] ioc0: LSI53C1030 A0: Capabilities={Initiator}
[    1.920082] scsi host2: ioc0: LSI53C1030 A0, FwRev=00000000h, Ports=1, MaxQ=256, IRQ=20
[    2.089273] scsi 2:0:0:0: Direct-Access     VBOX     HARDDISK         1.0  PQ: 0 ANSI: 5
[    2.128343] scsi target2:0:0: Beginning Domain Validation
[    2.190721] scsi target2:0:0: Domain Validation skipping write tests
[    2.192520] scsi target2:0:0: Ending Domain Validation
[    2.199226] scsi target2:0:0: asynchronous
[    2.204897] scsi 2:0:1:0: Direct-Access     VBOX     HARDDISK         1.0  PQ: 0 ANSI: 5
[    2.490509] scsi target2:0:1: Beginning Domain Validation
[    2.493994] random: fast init done
[    2.496163] scsi target2:0:1: Domain Validation skipping write tests
[    2.499634] scsi target2:0:1: Ending Domain Validation
[    2.502315] scsi target2:0:1: asynchronous
[    2.509867] random: systemd-udevd: uninitialized urandom read (16 bytes read)
[    2.513429] random: systemd-udevd: uninitialized urandom read (16 bytes read)
[    2.516677] sd 2:0:0:0: Attached scsi generic sg0 type 0
[    2.519919] sd 2:0:1:0: Attached scsi generic sg1 type 0
[    2.520752] e1000 0000:00:08.0 eth1: (PCI:33MHz:32-bit) 08:00:27:f4:c3:22
[    2.522066] random: systemd-udevd: uninitialized urandom read (16 bytes read)
[    2.525323] e1000 0000:00:08.0 eth1: Intel(R) PRO/1000 Network Connection
[    2.533067] sd 2:0:0:0: [sda] 83886080 512-byte logical blocks: (42.9 GB/40.0 GiB)
[    2.536886] sd 2:0:1:0: [sdb] 20480 512-byte logical blocks: (10.5 MB/10.0 MiB)
[    2.539669] sd 2:0:1:0: [sdb] Write Protect is off
[    2.540076] sd 2:0:0:0: [sda] Write Protect is off
[    2.543707] sd 2:0:0:0: [sda] Incomplete mode parameter data
[    2.543757] sd 2:0:1:0: [sdb] Incomplete mode parameter data
[    2.546941] sd 2:0:0:0: [sda] Assuming drive cache: write through
[    2.548918]  sda: sda1
[    2.550911] sd 2:0:1:0: [sdb] Assuming drive cache: write through
[    2.553852] sd 2:0:0:0: [sda] Attached SCSI disk
[    2.560594] sd 2:0:1:0: [sdb] Attached SCSI disk
[    2.563506] e1000 0000:00:03.0 enp0s3: renamed from eth0
[    2.581415] e1000 0000:00:08.0 enp0s8: renamed from eth1
Begin: Loading essential drivers ... [    4.040556] raid6: sse2x1   gen()  9990 MB/s
[    4.088112] raid6: sse2x1   xor()  7252 MB/s
[    4.136565] raid6: sse2x2   gen() 11282 MB/s
[    4.184170] raid6: sse2x2   xor()  7699 MB/s
[    4.232171] raid6: sse2x4   gen() 13781 MB/s
[    4.280138] raid6: sse2x4   xor()  8904 MB/s
[    4.328185] raid6: avx2x1   gen() 20230 MB/s
[    4.376045] raid6: avx2x1   xor() 13600 MB/s
[    4.424251] raid6: avx2x2   gen() 23527 MB/s
[    4.472543] raid6: avx2x2   xor() 13833 MB/s
[    4.520255] raid6: avx2x4   gen() 26041 MB/s
[    4.568123] raid6: avx2x4   xor() 16305 MB/s
[    4.569549] raid6: using algorithm avx2x4 gen() 26041 MB/s
[    4.570836] raid6: .... xor() 16305 MB/s, rmw enabled
[    4.572091] raid6: using avx2x2 recovery algorithm
[    4.575686] xor: automatically using best checksumming function   avx       
[    4.578245] async_tx: api initialized (async)
done.
Begin: Running /scripts/init-premount ... done.
Begin: Mounting root file system ... Begin: Running /scripts/local-top ... done.
Begin: Running /scripts/local-premount ... [    4.624505] Btrfs loaded, crc32c=crc32c-intel
Scanning for Btrfs filesystems
done.
Warning: fsck not present, so skipping root file system
[    4.652813] EXT4-fs (sda1): mounted filesystem with ordered data mode. Opts: (null)
done.
Begin: Running /scripts/local-bottom ... done.
Begin: Running /scripts/init-bottom ... done.
[    4.864820] ip_tables: (C) 2000-2006 Netfilter Core Team
[    4.874853] systemd[1]: systemd 237 running in system mode. (+PAM +AUDIT +SELINUX +IMA +APPARMOR +SMACK +SYSVINIT +UTMP +LIBCRYPTSETUP +GCRYPT +GNUTLS +ACL +XZ +LZ4 +SECCOMP +BLKID +ELFUTILS +KMOD -IDN2 +IDN -PCRE2 default-hierarchy=hybrid)
[    4.881239] systemd[1]: Detected virtualization oracle.
[    4.882729] systemd[1]: Detected architecture x86-64.

Welcome to [1mUbuntu 18.04.6 LTS[0m!

[    4.889036] systemd[1]: Set hostname to <ubuntu>.
[    4.893902] systemd[1]: Initializing machine ID from random generator.
[    4.895392] systemd[1]: Installed transient /etc/machine-id file.
[    5.124899] systemd[1]: Set up automount Arbitrary Executable File Formats File System Automount Point.
[[0;32m  OK  [0m] Set up automount Arbitrary Executabâ€¦rmats File System Automount Point.
[    5.128492] systemd[1]: Reached target User and Group Name Lookups.
[[0;32m  OK  [0m] Reached target User and Group Name Lookups.
[    5.131141] systemd[1]: Reached target System Time Synchronized.
[[0;32m  OK  [0m] Reached target System Time Synchronized.
[    5.791902] systemd[1]: Created slice User and Session Slice.
[[0;32m  OK  [0m] Created slice User and Session Slice.
[[0;32m  OK  [0m] Reached target Swap.
[[0;32m  OK  [0m] Started Forward Password Requests to Wall Directory Watch.
[[0;32m  OK  [0m] Created slice System Slice.
[[0;32m  OK  [0m] Listening on LVM2 metadata daemon socket.
[[0;32m  OK  [0m] Listening on Journal Socket.
         Starting Create list of required stâ€¦ce nodes for the current kernel...
         Starting Load Kernel Modules...
[[0;32m  OK  [0m] Listening on udev Control Socket.
[[0;32m  OK  [0m] Listening on Journal Audit Socket.
[[0;32m  OK  [0m] Listening on Syslog Socket.
[[0;32m  OK  [0m] Listening on LVM2 poll daemon socket.
         Starting Uncomplicated firewall...
         Mounting Kernel Debug File System...
[[0;32m  OK  [0m] Listening on udev Kernel Socket.
         Starting udev Coldplug all Devices...
[[0;32m  OK  [0m] Created slice system-serial\x2dgetty.slice.
[[0;32m  OK  [0m] Listening on Network Service Netlink Socket.
[    5.842423] Loading iSCSI transport class v2.0-870.
         Starting Set the console keyboard layout...
[    5.850729] iscsi: registered transport (tcp)
[[0;32m  OK  [0m] Listening on Journal Socket (/dev/log).
         Starting Journal Service...
         Mounting POSIX Message Queue File System...
[[0;32m  OK  [0m] Listening on fsck to fsckd communication Socket.
         Starting File System Check on Root Device...
[[0;32m  OK  [0m] Listening on /dev/initctl Compatibility Named Pipe.
[[0;32m  OK  [0m] Listening on Device-mapper event daemon FIFOs.
         Starting Monitoring of LVM2 mirrorsâ€¦ng dmeventd or progress polling...
[[0;32m  OK  [0m] Reached target Slices.
         Mounting Huge Pages File System...
[[0;32m  OK  [0m] Started Create list of required staâ€¦vice nodes for the current kernel.
[    5.927156] iscsi: registered transport (iser)
[[0;32m  OK  [0m] Started Uncomplicated firewall.
[[0;32m  OK  [0m] Started Load Kernel Modules.
[[0;32m  OK  [0m] Mounted Kernel Debug File System.
[[0;32m  OK  [0m] Mounted POSIX Message Queue File System.
[[0;32m  OK  [0m] Mounted Huge Pages File System.
[[0;32m  OK  [0m] Started File System Check Daemon to report status.
         Mounting Kernel Configuration File System...
         Mounting FUSE Control File System...
         Starting Apply Kernel Variables...
         Starting Create Static Device Nodes in /dev...
[[0;32m  OK  [0m] Started Journal Service.
[[0;32m  OK  [0m] Started udev Coldplug all Devices.
[[0;32m  OK  [0m] Mounted Kernel Configuration File System.
[[0;32m  OK  [0m] Mounted FUSE Control File System.
[[0;32m  OK  [0m] Started LVM2 metadata daemon.
[[0;32m  OK  [0m] Started File System Check on Root Device.
         Starting Remount Root and Kernel File Systems...
[[0;32m  OK  [0m] Started Create Static Device Nodes in /dev.
[[0;32m  OK  [0m] Started Apply Kernel Variables.
[[0;32m  OK  [0m] Started Remount Root and Kernel File Systems.
         Starting Load/Save Random Seed...
         Starting Flush Journal to Persistent Storage...
         Starting udev Kernel Device Manager...
[[0;32m  OK  [0m] Started Monitoring of LVM2 mirrors,â€¦sing dmeventd or progress polling.
[[0;32m  OK  [0m] Started Load/Save Random Seed.
[[0;32m  OK  [0m] Started udev Kernel Device Manager.
[[0;32m  OK  [0m] Started Flush Journal to Persistent Storage.
[[0;32m  OK  [0m] Found device /dev/ttyS0.
[[0;32m  OK  [0m] Listening on Load/Save RF Kill Switch Status /dev/rfkill Watch.
[[0;32m  OK  [0m] Started Set the console keyboard layout.
[[0;32m  OK  [0m] Started Dispatch Password Requests to Console Directory Watch.
[[0;32m  OK  [0m] Reached target Local Encrypted Volumes.
[[0;32m  OK  [0m] Reached target Local File Systems (Pre).
[[0;32m  OK  [0m] Reached target Local File Systems.
         Starting Commit a transient machine-id on disk...
         Starting Tell Plymouth To Write Out Runtime Data...
         Starting ebtables ruleset management...
         Starting AppArmor initialization...
         Starting Create Volatile Files and Directories...
         Starting Set console font and keymap...
[[0;32m  OK  [0m] Started Tell Plymouth To Write Out Runtime Data.
[[0;32m  OK  [0m] Started Create Volatile Files and Directories.
         Starting Update UTMP about System Boot/Shutdown...
[[0;32m  OK  [0m] Started Update UTMP about System Boot/Shutdown.
[[0;32m  OK  [0m] Started Commit a transient machine-id on disk.
[[0;32m  OK  [0m] Started ebtables ruleset management.
[[0;32m  OK  [0m] Started AppArmor initialization.
         Starting Load AppArmor profiles managed internally by snapd...
         Starting Initial cloud-init job (pre-networking)...
[[0;32m  OK  [0m] Started Load AppArmor profiles managed internally by snapd.
[[0;32m  OK  [0m] Started Set console font and keymap.
[    9.343210] cloud-init[862]: Cloud-init v. 22.1-14-g2e17a0d6-0ubuntu1~18.04.3 running 'init-local' at Mon, 30 May 2022 16:21:59 +0000. Up 8.99 seconds.
[[0;32m  OK  [0m] Started Initial cloud-init job (pre-networking).
[[0;32m  OK  [0m] Reached target Network (Pre).
         Starting Network Service...
[[0;32m  OK  [0m] Started Network Service.
         Starting Wait for Network to be Configured...
         Starting Network Name Resolution...
[[0;32m  OK  [0m] Started Network Name Resolution.
[[0;32m  OK  [0m] Reached target Host and Network Name Lookups.
[[0;32m  OK  [0m] Reached target Network.
[[0;32m  OK  [0m] Started Wait for Network to be Configured.
         Starting Initial cloud-init job (metadata service crawler)...
[   11.083248] cloud-init[1009]: Cloud-init v. 22.1-14-g2e17a0d6-0ubuntu1~18.04.3 running 'init' at Mon, 30 May 2022 16:22:01 +0000. Up 10.88 seconds.
[   11.085842] cloud-init[1009]: ci-info: ++++++++++++++++++++++++++++++++++++++Net device info+++++++++++++++++++++++++++++++++++++++
[   11.087753] cloud-init[1009]: ci-info: +--------+-------+----------------------------+---------------+--------+-------------------+
[   11.089811] cloud-init[1009]: ci-info: | Device |   Up  |          Address           |      Mask     | Scope  |     Hw-Address    |
[   11.091829] cloud-init[1009]: ci-info: +--------+-------+----------------------------+---------------+--------+-------------------+
[   11.093474] cloud-init[1009]: ci-info: | enp0s3 |  True |         10.0.2.15          | 255.255.255.0 | global | 02:50:97:ae:47:44 |
[   11.094815] cloud-init[1009]: ci-info: | enp0s3 |  True | fe80::50:97ff:feae:4744/64 |       .       |  link  | 02:50:97:ae:47:44 |
[   11.096522] cloud-init[1009]: ci-info: | enp0s8 | False |             .              |       .       |   .    | 08:00:27:f4:c3:22 |
[   11.108292] cloud-init[1009]: ci-info: |   lo   |  True |         127.0.0.1          |   255.0.0.0   |  host  |         .         |
[   11.109849] cloud-init[1009]: ci-info: |   lo   |  True |          ::1/128           |       .       |  host  |         .         |
[   11.124418] cloud-init[1009]: ci-info: +--------+-------+----------------------------+---------------+--------+-------------------+
[   11.125813] cloud-init[1009]: ci-info: ++++++++++++++++++++++++++++Route IPv4 info+++++++++++++++++++++++++++++
[   11.127147] cloud-init[1009]: ci-info: +-------+-------------+----------+-----------------+-----------+-------+
[   11.128446] cloud-init[1009]: ci-info: | Route | Destination | Gateway  |     Genmask     | Interface | Flags |
[   11.129776] cloud-init[1009]: ci-info: +-------+-------------+----------+-----------------+-----------+-------+
[   11.131183] cloud-init[1009]: ci-info: |   0   |   0.0.0.0   | 10.0.2.2 |     0.0.0.0     |   enp0s3  |   UG  |
[   11.144183] cloud-init[1009]: ci-info: |   1   |   10.0.2.0  | 0.0.0.0  |  255.255.255.0  |   enp0s3  |   U   |
[   11.156286] cloud-init[1009]: ci-info: |   2   |   10.0.2.2  | 0.0.0.0  | 255.255.255.255 |   enp0s3  |   UH  |
[   11.158065] cloud-init[1009]: ci-info: +-------+-------------+----------+-----------------+-----------+-------+
[   11.159528] cloud-init[1009]: ci-info: +++++++++++++++++++Route IPv6 info+++++++++++++++++++
[   11.161207] cloud-init[1009]: ci-info: +-------+-------------+---------+-----------+-------+
[   11.172283] cloud-init[1009]: ci-info: | Route | Destination | Gateway | Interface | Flags |
[   11.173335] cloud-init[1009]: ci-info: +-------+-------------+---------+-----------+-------+
[   11.174575] cloud-init[1009]: ci-info: |   1   |  fe80::/64  |    ::   |   enp0s3  |   U   |
[   11.176400] cloud-init[1009]: ci-info: |   3   |    local    |    ::   |   enp0s3  |   U   |
[   11.177639] cloud-init[1009]: ci-info: |   4   |   ff00::/8  |    ::   |   enp0s3  |   U   |
[   11.179053] cloud-init[1009]: ci-info: +-------+-------------+---------+-----------+-------+
[   12.987840] cloud-init[1009]: Generating public/private rsa key pair.
[   13.000302] cloud-init[1009]: Your identification has been saved in /etc/ssh/ssh_host_rsa_key.
[   13.002559] cloud-init[1009]: Your public key has been saved in /etc/ssh/ssh_host_rsa_key.pub.
[   13.004748] cloud-init[1009]: The key fingerprint is:
[   13.006210] cloud-init[1009]: SHA256:f6AHT55zY9uzKtiID9mjiZ9dzu1a5OxxFTUJL89w9pY root@ubuntu-bionic
[   13.012526] cloud-init[1009]: The key's randomart image is:
[   13.028386] cloud-init[1009]: +---[RSA 2048]----+
[   13.029027] cloud-init[1009]: |             ...o|
[   13.040238] cloud-init[1009]: |              ..o|
[   13.040939] cloud-init[1009]: |             o = |
[   13.041681] cloud-init[1009]: |              B +|
[   13.042512] cloud-init[1009]: |        S o .  E+|
[   13.057580] cloud-init[1009]: |       o B *   o |
[[   13.072222] cloud-init[1009]: |      o.++O X .  |
[   13.072476] cloud-init[1009]: |     ..*o*oO *.  |
[   13.073752] cloud-init[1009]: |    ..=.o ++*.oo |
[   13.074984] cloud-init[1009]: +----[SHA256]-----+
[   13.076433] cloud-init[1009]: Generating public/private dsa key pair.
[0;32m  OK  [0m[   13.077353] ] cloud-initStarted Initial cloud-init job (metadata service crawler).[1009]: 
Your identification has been saved in /etc/ssh/ssh_host_dsa_key.
[   13.078048] cloud-init[1009]: Your public key has been saved in /etc/ssh/ssh_host_dsa_key.pub.
[[   13.100914] cloud-init[1009]: The key fingerprint is:
[   13.101592] cloud-init[1009]: SHA256:NMmbCLMoGMC/nLokZdbx5CE+iRafBEyCvBa/we47eDE root@ubuntu-bionic
[   13.102755] cloud-init[1009]: The key's randomart image is:
[   13.105686] cloud-init[1009]: +---[DSA 1024]----+
[   13.107733] cloud-init[1009]: |*oo              |
[   13.108508] cloud-init[1009]: |o=..   . .       |
[   13.109632] cloud-init[1009]: |. B * o =        |
[   13.110698] cloud-init[1009]: |.+ & % + +       |
[   13.111667] cloud-init[1009]: |+ X & + S        |
[   13.113746] cloud-init[1009]: | * E .           |
[   13.114267] cloud-init[1009]: |..+ o            |
[0;32m  OK  [0m] Reached target System Initialization.
[   13.114973] cloud-init[1009]: |oo +             |
[   13.117353] cloud-init[1009]: | .o.o            |
[[0;32m  OK  [0m[   13.128931] cloud-init[1009]: +----[SHA256]-----+
[   13.129408] cloud-init[1009]: Generating public/private ecdsa key pair.
] Started Daily apt download activities.
[   13.130289] cloud-init[1009]: Your identification has been saved in /etc/ssh/ssh_host_ecdsa_key.
[[0;32m  OK  [0m[   13.133636] cloud-init[1009]: Your public key has been saved in /etc/ssh/ssh_host_ecdsa_key.pub.
[   13.134069] cloud-init[1009]: The key fingerprint is:
[   13.134341] cloud-init[1009]: SHA256:7gElDKFktGYqQ3/WpBzxtBd8lDANKnKX8YX0Z1gwfnc root@ubuntu-bionic
[   13.135192] cloud-init[1009]: The key's randomart image is:
] Listening on cloud-init hotplug hook socket.
[   13.136237] cloud-init[1009]: +---[ECDSA 256]---+
[   13.139568] cloud-init[1009]: | .+ oo oo**=o.   |
         Starting LXD - unix socket.
[[0;32m  OK  [0m] Listening on D-Bus System Message Bus Socket.
[   13.144540] cloud-init[[0;32m  OK  [0m] Listening on ACPID Listen Socket.
[[0;32m  OK  [0m] Started Ubuntu Advantage Timer for running repeated jobs.
[1009]: | o o o+ *o*++    |
[[0;32m  OK  [0m] Listening on Open-iSCSI iscsid Socket.
[   13.161695] cloud-init[[0;32m  OK  [0m] Started Discard unused blocks once a week.
[[0;32m  OK  [0m] Listening on UUID daemon activation socket.
[1009]: | .=. +oB.o.+ + .E|
[   13.168399] cloud-init[1009]: |.+. + Bo.   + . .|
[   13.169767] cloud-init[1009]: |+  . =..S        |
[[0;32m  OK  [0m] Started Daily Cleanup of Temporary Directories.
[   13.171300] cloud-init[1009]: |..  o  o         |
[[0;32m  OK  [0m] Started ACPI Events Check.
[[0;32m  OK  [0m] Started Daily apt upgrade and clean activities.
[   13.175970] cloud-init[1009]: |        o        |
[   13.467925] cloud-init[1009]: |       . .       |
[   13.487034] cloud-init[1009]: |        .        |
[   13.488575] cloud-init[1009]: +----[SHA256]-----+
[   13.489994] cloud-init[1009]: Generating public/private ed25519 key pair.
[[0;32m  OK  [0m] Started Trigger to poll for Ubuntu â€¦(Only enabled on GCP LTS non-pro).
[[0;32m  OK  [0m] Reached target Paths.
         Starting Socket activation for snappy daemon.
[[0;32m  OK  [0m] Started Message of the Day.
[[0;32m  OK  [0m] Reached target Timers.
[[   13.656172] cloud-init[1009]: Your identification has been saved in /etc/ssh/ssh_host_ed25519_key.
[   13.664901] cloud-init[1009]: Your public key has been saved in /etc/ssh/ssh_host_ed25519_key.pub.
[   13.666268] cloud-init[1009]: The key fingerprint is:
[0;32m  OK  [0m] Reached target Network is Online.
[   13.667909] cloud-init[1009]: SHA256:iFSzRo7+g1CdoOnxIhH/cthrEjCkm86wIhLGftKVC1M root@ubuntu-bionic
[   13.672467] cloud-init[1009]: The key's randomart image is:
         [   13.688271] Starting Availability of block devices...cloud-init
[1009]: +--[ED25519 256]--+
[[   13.689259] cloud-init[1009]: |..  . +          |
[   13.689350] cloud-init[1009]: |oo o B +         |
[   13.689847] cloud-init[1009]: |= = +E*          |
[   13.690610] cloud-init[1009]: |.B X.o..         |
[   13.691043] cloud-init[1009]: |*oBoBo. S        |
[   13.691420] cloud-init[1009]: |*+.*++.          |
[   13.692283] cloud-init[1009]: |==.o+.o          |
[   13.692967] cloud-init[1009]: |+ oo   .         |
[   13.693974] cloud-init[1009]: |                 |
[   13.694302] cloud-init[1009]: +----[SHA256]-----+
[0;32m  OK  [0m] Reached target Remote File Systems (Pre).
[[0;32m  OK  [0m] Reached target Remote File Systems.
[[0;32m  OK  [0m] Reached target Cloud-config availability.
[[0;32m  OK  [0m] Listening on LXD - unix socket.
[[0;32m  OK  [0m] Listening on Socket activation for snappy daemon.
[[0;32m  OK  [0m] Started Availability of block devices.
[[0;32m  OK  [0m] Reached target Sockets.
[[0;32m  OK  [0m] Reached target Basic System.
[[0;32m  OK  [0m] Started FUSE filesystem for LXC.
         Starting Accounts Service...
         Starting Virtualbox guest utils...
[[0;32m  OK  [0m] Started Deferred execution scheduler.
[[0;32m  OK  [0m] Started Regular background program processing daemon.
         Starting System Logging Service...
         Starting Login Service...
         Starting Pollinate to seed the pseudo random number generator...
         Starting LSB: Record successful boot for GRUB...
         Starting Dispatcher daemon for systemd-networkd...
[[0;32m  OK  [0m] Started irqbalance daemon.
[[0;32m  OK  [0m] Started D-Bus System Message Bus.
         Starting Snap Daemon...
         Starting Permit User Sessions...
         Starting LSB: automatic crash report generation...
         Starting LXD - container startup/shutdown...
[[0;32m  OK  [0m] Started System Logging Service.
[[0;32m  OK  [0m] Started Login Service.
[[0;32m  OK  [0m] Started Unattended Upgrades Shutdown.
[[0;32m  OK  [0m] Started Permit User Sessions.
[[0;32m  OK  [0m] Started LXD - container startup/shutdown.
         Starting Hold until boot process finishes up...
         Starting Terminate Plymouth Boot Screen...
         Starting Authorization Manager...
[[0;32m  OK  [0m] Started Hold until boot process finishes up.
[[0;32m  OK  [0m] Started Serial Getty on ttyS0.
         Starting Set console scheme...
[[0;32m  OK  [0m] Started Terminate Plymouth Boot Screen.
[[0;32m  OK  [0m] Started Authorization Manager.
[[0;32m  OK  [0m] Started Accounts Service.
[[0;32m  OK  [0m] Started Set console scheme.
[[0;32m  OK  [0m] Created slice system-getty.slice.
[[0;32m  OK  [0m] Started Getty on tty1.
[[0;32m  OK  [0m] Reached target Login Prompts.
[[0;32m  OK  [0m] Started LSB: Record successful boot for GRUB.
[[0;32m  OK  [0m] Started LSB: automatic crash report generation.
[[0;32m  OK  [0m] Started Virtualbox guest utils.
[[0;32m  OK  [0m] Started Dispatcher daemon for systemd-networkd.
[[0;32m  OK  [0m] Started Snap Daemon.
         Starting Wait until snapd is fully seeded...
[[0;32m  OK  [0m] Started Pollinate to seed the pseudo random number generator.
         Starting OpenBSD Secure Shell server...
[[0;32m  OK  [0m] Started OpenBSD Secure Shell server.
         Starting Time & Date Service...
[[0;32m  OK  [0m] Started Time & Date Service.
[[0;32m  OK  [0m] Created slice User Slice of vagrant.
         Starting User Manager for UID 1000...
[[0;32m  OK  [0m] Started Session 1 of user vagrant.
[[0;32m  OK  [0m] Started User Manager for UID 1000.
[[0;32m  OK  [0m] Started Wait until snapd is fully seeded.
         Starting Apply the settings specified in cloud-config...
[[0;32m  OK  [0m] Reached target Multi-User System.
[[0;32m  OK  [0m] Reached target Graphical Interface.
         Starting Update UTMP about System Runlevel Changes...
[[0;32m  OK  [0m] Started Update UTMP about System Runlevel Changes.
[   16.644623] cloud-init[1533]: Cloud-init v. 22.1-14-g2e17a0d6-0ubuntu1~18.04.3 running 'modules:config' at Mon, 30 May 2022 16:22:06 +0000. Up 15.88 seconds.
[[0;32m  OK  [0m] Started Apply the settings specified in cloud-config.
         Starting Execute cloud user/final scripts...
ci-info: no authorized SSH keys fingerprints found for user ubuntu.
<14>May 30 16:22:08 cloud-init: #############################################################
<14>May 30 16:22:08 cloud-init: -----BEGIN SSH HOST KEY FINGERPRINTS-----
<14>May 30 16:22:08 cloud-init: 1024 SHA256:NMmbCLMoGMC/nLokZdbx5CE+iRafBEyCvBa/we47eDE root@ubuntu-bionic (DSA)
<14>May 30 16:22:08 cloud-init: 256 SHA256:7gElDKFktGYqQ3/WpBzxtBd8lDANKnKX8YX0Z1gwfnc root@ubuntu-bionic (ECDSA)
<14>May 30 16:22:08 cloud-init: 256 SHA256:iFSzRo7+g1CdoOnxIhH/cthrEjCkm86wIhLGftKVC1M root@ubuntu-bionic (ED25519)
<14>May 30 16:22:08 cloud-init: 2048 SHA256:f6AHT55zY9uzKtiID9mjiZ9dzu1a5OxxFTUJL89w9pY root@ubuntu-bionic (RSA)
<14>May 30 16:22:08 cloud-init: -----END SSH HOST KEY FINGERPRINTS-----
<14>May 30 16:22:08 cloud-init: #############################################################
-----BEGIN SSH HOST KEY KEYS-----
ecdsa-sha2-nistp256 AAAAE2VjZHNhLXNoYTItbmlzdHAyNTYAAAAIbmlzdHAyNTYAAABBBIOj063H4zunyF7FEvO5UhSFX22++YMREg4Gi3GEHrlS1PUEQX0EYhx7SpH9/GvY8zNk+uz2K+JlNbkp53ehPvU= root@ubuntu-bionic
ssh-ed25519 AAAAC3NzaC1lZDI1NTE5AAAAIKv2iv3pzUePuFtyuuIKGMBBou3T68XoH2NzU2SOaWaK root@ubuntu-bionic
ssh-rsa AAAAB3NzaC1yc2EAAAADAQABAAABAQCnwG0OaGMwcQU9UPNL8fKQZrY1hZvKooe+uD0EAdNjmt5nLxl0h+zhcrQGGk1zqIDcf68p9Fx/MQOqZkblp81Rq1YYux4gNgDDSX0UxTjdSDYHjx9AR64JKGckLgGIh41tK42uLU6jNYQuCKJUSzSuSVESTHRbxklGqFrFrlqUT2dFEpnyceUphUKWgRvNDhHSFtodQAZXmtH0ZrnWC0CYruhNI8RkvQTECVALjvW/sgurc9zGFjuMqimLUtCtG5jm/jkg0uHx6OugQ+o7p1sDeAeNK1nH4GSmVW5rXLFw655ic22mdLHy1VRTK8EvDE6kKL7QAxKDRUP+jE3KQnFB root@ubuntu-bionic
-----END SSH HOST KEY KEYS-----
[   17.436571] cloud-init[1657]: Cloud-init v. 22.1-14-g2e17a0d6-0ubuntu1~18.04.3 running 'modules:final' at Mon, 30 May 2022 16:22:07 +0000. Up 17.22 seconds.
[   17.438635] cloud-init[1657]: Cloud-init v. 22.1-14-g2e17a0d6-0ubuntu1~18.04.3 finished at Mon, 30 May 2022 16:22:08 +0000. Datasource DataSourceNoCloud [seed=/dev/sdb][dsmode=net].  Up 17.42 seconds
[[0;32m  OK  [0m] Started Execute cloud user/final scripts.
[[0;32m  OK  [0m] Reached target Cloud-init target.

Ubuntu 18.04.6 LTS ubuntu-bionic ttyS0

ubuntu-bionic login: 